// Jest Snapshot v1, https://goo.gl/fbAQLP

exports[`should render correctly 1`] = `
<RCTSafeAreaView
  emulateUnlessSupported={true}
  style={
    Array [
      Object {
        "flex": 1,
      },
      Object {},
    ]
  }
  testID="wrapper"
>
  <Text>
    hello
  </Text>
</RCTSafeAreaView>
`;
