// Jest Snapshot v1, https://goo.gl/fbAQLP

exports[`NavigationItem Component renders with default props 1`] = `
<NavigationItem
  renderComponent={[Function]}
/>
`;
