// Jest Snapshot v1, https://goo.gl/fbAQLP

exports[`ToTer Component renders with default props 1`] = `
<Toter
  renderComponent={[Function]}
  useDispatch={[Function]}
/>
`;
